
> react-kavia@0.1.0 start
> react-scripts start

(node:7561) [DEP_WEBPACK_DEV_SERVER_ON_AFTER_SETUP_MIDDLEWARE] DeprecationWarning: 'onAfterSetupMiddleware' option is deprecated. Please use the 'setupMiddlewares' option.
(Use `node --trace-deprecation ...` to show where the warning was created)
(node:7561) [DEP_WEBPACK_DEV_SERVER_ON_BEFORE_SETUP_MIDDLEWARE] DeprecationWarning: 'onBeforeSetupMiddleware' option is deprecated. Please use the 'setupMiddlewares' option.
Starting the development server...

Compiled with warnings.

[eslint] 
src/components/AuthProvider.js
  Line 18:11:  'session' is assigned a value but never used  no-unused-vars

src/components/ReceiptDetail.js
  Line 2:10:   'useAuth' is defined but never used                   no-unused-vars
  Line 62:10:  'addingPerson' is assigned a value but never used     no-unused-vars
  Line 62:24:  'setAddingPerson' is assigned a value but never used  no-unused-vars

src/components/ReceiptUpload.js
  Line 1:17:  'useRef' is defined but never used  no-unused-vars

Search for the keywords to learn more about each warning.
To ignore, add // eslint-disable-next-line to the line before.

WARNING in [eslint] 
src/components/AuthProvider.js
  Line 18:11:  'session' is assigned a value but never used  no-unused-vars

src/components/ReceiptDetail.js
  Line 2:10:   'useAuth' is defined but never used                   no-unused-vars
  Line 62:10:  'addingPerson' is assigned a value but never used     no-unused-vars
  Line 62:24:  'setAddingPerson' is assigned a value but never used  no-unused-vars

src/components/ReceiptUpload.js
  Line 1:17:  'useRef' is defined but never used  no-unused-vars

webpack compiled with 1 warning
